// Jest Snapshot v1, https://goo.gl/fbAQLP

exports[`matches snapshot 1`] = `
<div
  className="p-4 lg:p-6"
>
  <p>
    Nothing to display
  </p>
</div>
`;
